# exercice3
>> git push -u origin main\Bureau\tp3>
PS C:\Users\boung\OneDrive\Bureau\tp3> git init
Reinitialized existing Git repository in C:/Users/boung/OneDrive/Bureau/tp3/.git/
PS C:\Users\boung\OneDrive\Bureau\tp3> git add .
PS C:\Users\boung\OneDrive\Bureau\tp3> git commit -m "commit1"
[main (root-commit) 6cac215] commit1
 1 file changed, 1 insertion(+)
 create mode 100644 text.txt
PS C:\Users\boung\OneDrive\Bureau\tp3> git remote add origin https://github.com/MatthieuVhl/exercice3.git
>>  git branch -M main
>> git push -u origin main
error: remote origin already exists.
Enumerating objects: 3, done.
Counting objects: 100% (3/3), done.
Writing objects: 100% (3/3), 205 bytes | 205.00 KiB/s, done.
Total 3 (delta 0), reused 0 (delta 0), pack-reused 0
To https://github.com/MatthieuVhl/exercice3.git
 * [new branch]      main -> main
branch 'main' set up to track 'origin/main'.
PS C:\Users\boung\OneDrive\Bureau\tp3> git branch exo3
PS C:\Users\boung\OneDrive\Bureau\tp3> git checkout exo3
Switched to branch 'exo3'
PS C:\Users\boung\OneDrive\Bureau\tp3> git checkout main
Switched to branch 'main'
Your branch is up to date with 'origin/main'.
PS C:\Users\boung\OneDrive\Bureau\tp3> git add .   
PS C:\Users\boung\OneDrive\Bureau\tp3> git commit -m "ajoute fichier branch master"
Counting objects: 100% (4/4), done.
Delta compression using up to 8 threads
Compressing objects: 100% (3/3), done.
Writing objects: 100% (3/3), 352 bytes | 352.00 KiB/s, done.
Total 3 (delta 0), reused 0 (delta 0), pack-reused 0
To https://github.com/MatthieuVhl/exercice3.git
   6cac215..fd14f04  main -> main
PS C:\Users\boung\OneDrive\Bureau\tp3>





                                     > git branch matthieu
PS C:\Users\boung\OneDrive\Bureau\tp3> checkout matthieu
checkout : Le terme «checkout» n'est pas reconnu comme nom d'applet de 
commande, fonction, fichier de script ou programme exécutable.
Vérifiez l'orthographe du nom, ou si un chemin d'accès existe,
vérifiez que le chemin d'accès est correct et réessayez.
Au caractère Ligne:1 : 1
+ checkout matthieu
+ ~~~~~~~~
    + CategoryInfo          : ObjectNotFound: (checkout:String) [], Co  
   mmandNotFoundException
    + FullyQualifiedErrorId : CommandNotFoundException

PS C:\Users\boung\OneDrive\Bureau\tp3> git checkout matthieu
Switched to branch 'matthieu'
PS C:\Users\boung\OneDrive\Bureau\tp3> git branch -l
  exo3
  main
* matthieu
PS C:\Users\boung\OneDrive\Bureau\tp3> git add .
PS C:\Users\boung\OneDrive\Bureau\tp3> git commit -m "branche matthieu"
[matthieu 33f4a94] branche matthieu
 1 file changed, 1 insertion(+)
 create mode 100644 fichier_branche_votre_matthieu.txt
PS C:\Users\boung\OneDrive\Bureau\tp3> git remote -u matthieu
error: unknown switch `u'
usage: git remote [-v | --verbose]
   or: git remote add [-t <branch>] [-m <master>] [-f] [--tags | --no-tags] [--mirror=<fetch|push>] <name> <url>
   or: git remote rename [--[no-]progress] <old> <new>
   or: git remote remove <name>
   or: git remote set-head <name> (-a | --auto | -d | --delete | <branch>)
   or: git remote [-v | --verbose] show [-n] <name>
   or: git remote prune [-n | --dry-run] <name>
   or: git remote [-v | --verbose] update [-p | --prune] [(<group> | <remote>)...]
   or: git remote set-branches [--add] <name> <branch>...
   or: git remote get-url [--push] [--all] <name>
   or: git remote set-url [--push] <name> <newurl> [<oldurl>]
   or: git remote set-url --add <name> <newurl>
   or: git remote set-url --delete <name> <url>

    -v, --verbose         be verbose; must be placed before a subcommand

PS C:\Users\boung\OneDrive\Bureau\tp3> git pull
Already up to date.
PS C:\Users\boung\OneDrive\Bureau\tp3> git push
Enumerating objects: 4, done.
Counting objects: 100% (4/4), done.
Delta compression using up to 8 threads
Compressing objects: 100% (3/3), done.
Writing objects: 100% (3/3), 371 bytes | 371.00 KiB/s, done.
Total 3 (delta 0), reused 0 (delta 0), pack-reused 0
To https://github.com/MatthieuVhl/exercice3.git
   fd14f04..33f4a94  matthieu -> matthieu
PS C:\Users\boung\OneDrive\Bureau\tp3> 
